[level]
tileset = ../img/ground_test.png
map = .....................#.............
      .#####.##............#........#####
      .#...#..#............#........#x...
      .#...####............#........#....
      .##.##...............#.............
      .....................#........#....
      ..............................#####
      ...###........#...............#....
      .........p....#...............#....
      ..............#.........xxxx.......
      .............#####......xxxx.......
      .................#......xxxx.......
      .................####...xxxx.......
      ...................................
      ...................................
      ...................................
      ...................................
      ...................................
[.]
name = floor
tile = 0, 3

[#]
name = wall
tile = 0, 3
block = true
wall = true
rect = 0, 16, 32, 16

[b]
name = crate
tile = 0, 3
block = true
sprite = ../img/crate.png
rect = 0, 16, 32, 16

[p]
name = player
tile = 0, 3
block = true
sprite = ../img/player.png
rect = 8, 28, 16, 4

[x]
name = person
tile = 0,3
sprite = ../img/player_old.png
rect = 8, 28, 16, 4

[s]
name = skeleton
block = true
sprite = ../img/skeleton.png
rect = 0, 16, 32, 16